// Jest Snapshot v1, https://goo.gl/fbAQLP

exports[`Prueba componentes Indecision Vue Hacer match con el snapshot 1`] = `
<h1>Indecision app</h1>
<!--v-if-->
<div class="bg-dark"></div>
<div class="indecision-container"><input type="text" placeholder="Hazme una pregunta">
  <p>Recuerda terminar con el signo (?)</p>
  <div>
    <!--v-if-->
    <!--v-if-->
  </div>
</div>
`;
